// Jest Snapshot v1, https://goo.gl/fbAQLP

exports[`TextField It calls on change 1`] = `
<div>
  <div
    class="textField"
  >
    <input
      class="inputField"
      type="text"
      value=""
    />
  </div>
  <p
    class="helperText"
  />
</div>
`;

exports[`TextField It matches the snapshot 1`] = `
<div>
  <div
    class="textField"
  >
    <input
      class="inputField"
      type="text"
      value=""
    />
  </div>
  <p
    class="helperText"
  />
</div>
`;
